// Jest Snapshot v1, https://goo.gl/fbAQLP

exports[`notable person page when notable person is found, if notable person has an editorial summary shows editorial summary content 1`] = `
<article
  class="PureComponent-article"
>
  <div
    aria-hidden="false"
    class="PureComponent-root"
  >
    <div
      aria-hidden="true"
      class="PureComponent-coverBackgroundWrapper"
    >
      <div
        class="PureComponent-coverBackground"
      />
    </div>
    <div
      class="PureComponent-container"
    >
      <span
        class="PureComponent-photoLink"
      >
        <img
          class="PureComponent-root PureComponent-photo"
          role="presentation"
          src="[object Object]"
        />
      </span>
      <div
        class="PureComponent-content"
      >
        <h1
          class="MuiTypography-root MuiTypography-display1 MuiTypography-gutterBottom MuiTypography-alignCenter"
        >
          <small
            class="MuiTypography-root MuiTypography-caption MuiTypography-alignCenter"
            style="text-transform: uppercase; letter-spacing: 1px; font-size: 11px;"
          >
            <span
              class="PureComponent-text"
            >
              Religion, politics, and ideas of
            </span>
          </small>
          <span
            class="PureComponent-text PureComponent-name"
          >
            Tom Hanks
          </span>
        </h1>
      </div>
    </div>
  </div>
  <div
    class="PureComponent-stub"
  >
    Share what you know about the religion and political views of 
    Tom Hanks
     
    in the comments below
  </div>
</article>
`;
